[holenet.info/index.html]
[backblue.gif]
[fade.gif]
[index.html]
[holenet.info/assets/css/reset.css]
[holenet.info/assets/css/desktop.css]
[holenet.info/apple-touch-icon288f.png]
[holenet.info/favicon-32x32288f.png]
[holenet.info/favicon-16x16288f.png]
[holenet.info/favicon288f.ico]
[holenet.info/mstile-144x144288f.png]
[holenet.info/assets/js/cardgamecore.js]
[holenet.info/assets/js/solitaire.js]
[holenet.info/assets/js/solitaireanimations.js]
[holenet.info/assets/js/calc.js]
[holenet.info/assets/images/icons/icon_32_computer.png]
[holenet.info/assets/images/icons/icon_32_page.png]
[holenet.info/assets/images/icons/icon_32_sol.png]
[holenet.info/assets/images/icons/icon_32_emulator.png]
[holenet.info/assets/images/icons/icon_32_calc.png]
[holenet.info/assets/images/icons/icon_32_files.png]
[holenet.info/assets/images/icons/icon_16_computer.png]
[holenet.info/assets/images/icons/icon_16_drive.png]
[holenet.info/assets/images/icons/icon_16_disc.png]
[holenet.info/assets/images/icons/icon_16_network.png]
[holenet.info/assets/images/icons/icon_16_folder_remote.png]
[holenet.info/assets/images/icons/icon_16_documents.png]
[holenet.info/assets/images/icons/icon_16_system.png]
[holenet.info/assets/images/icons/icon_16_trash.png]
[holenet.info/assets/images/icons/icon_16_help.png]
[holenet.info/assets/images/icons/icon_16_page.png]
[holenet.info/assets/images/icons/icon_16_emulator.png]
[holenet.info/assets/js/javatari.js]
[holenet.info/assets/images/icons/icon_16_files.png]
[holenet.info/assets/images/icons/icon_16_controlpanel.png]
[holenet.info/assets/images/icons/icon_16_ctbbs.png]
[holenet.info/assets/images/icons/icon_16_relichunter.png]
[holenet.info/assets/images/icons/icon_16_sonicworlds.png]
[holenet.info/assets/images/misc/ctbbs_logo.png]
[holenet.info/assets/images/misc/relichunter_banner.png]
[holenet.info/wp-content/relichunter.zip]
[holenet.info/assets/images/icons/icon_16_sol.png]
[holenet.info/assets/images/icons/icon_16_calc.png]
[holenet.info/assets/images/icons/icon_32_desktop.png]
[holenet.info/assets/images/icons/icon_32_help.png]
[holenet.info/assets/images/icons/icon_32_controlpanel.png]
[holenet.info/assets/images/icons/icon_32_ctbbs.png]
[holenet.info/assets/images/icons/icon_32_relichunter.png]
[holenet.info/assets/images/icons/icon_32_sonicworlds.png]
[holenet.info/assets/js/jquery.desktop.js]
[holenet.info/index.html]
[holenet.info/assets/css/reset.css]
[holenet.info/assets/fonts/bigblue_term.eot]
[holenet.info/assets/fonts/bigblue_termd41d.eot]
[holenet.info/assets/fonts/bigblue_term.woff2]
[holenet.info/assets/fonts/bigblue_term.woff]
[holenet.info/assets/fonts/bigblue_term.ttf]
[holenet.info/assets/fonts/ibm_bios-2y.eot]
[holenet.info/assets/fonts/ibm_bios-2yd41d.eot]
[holenet.info/assets/fonts/ibm_bios-2y.woff2]
[holenet.info/assets/fonts/ibm_bios-2y.woff]
[holenet.info/assets/fonts/ibm_bios-2y.ttf]
[holenet.info/assets/fonts/ibm_vga8.eot]
[holenet.info/assets/fonts/ibm_vga8d41d.eot]
[holenet.info/assets/fonts/ibm_vga8.woff2]
[holenet.info/assets/fonts/ibm_vga8.woff]
[holenet.info/assets/fonts/ibm_vga8.ttf]
[holenet.info/assets/fonts/ati_8x16.eot]
[holenet.info/assets/fonts/ati_8x16d41d.eot]
[holenet.info/assets/fonts/ati_8x16.woff2]
[holenet.info/assets/fonts/ati_8x16.woff]
[holenet.info/assets/fonts/ati_8x16.ttf]
[holenet.info/assets/fonts/amstradpc1512-2y.eot]
[holenet.info/assets/fonts/amstradpc1512-2yd41d.eot]
[holenet.info/assets/fonts/amstradpc1512-2y.woff2]
[holenet.info/assets/fonts/amstradpc1512-2y.woff]
[holenet.info/assets/fonts/amstradpc1512-2y.ttf]
[holenet.info/assets/images/gui/window_corner.gif]
[holenet.info/assets/images/gui/trans_white.png]
[holenet.info/assets/images/gui/trans_black.png]
[holenet.info/assets/images/gui/bar_top_link.png]
[holenet.info/assets/images/gui/bar_top.png]
[holenet.info/assets/images/gui/window_buttons.png]
[holenet.info/assets/images/gui/window_content.gif]
[holenet.info/assets/images/gui/bar_bottom.png]
[holenet.info/assets/css/desktop.css]
[holenet.info/site288f.html]
[holenet.info/safari-pinned-tab288f.svg]
[holenet.info/downloads_files/libripper.html]
[holenet.info/downloads_files/sonic_levelrip.html]
[holenet.info/downloads_files/s1smsgg_levelrip.html]
[holenet.info/downloads_files/sadv_levelrip.html]
[holenet.info/downloads_files/sadv2_levelrip.html]
[holenet.info/downloads_files/sadv3_levelrip.html]
[holenet.info/downloads_files/rush_levelrip.html]
[holenet.info/downloads_files/srlp.html]
[holenet.info/downloads_files/socketrip.html]
[holenet.info/downloads_files/dd_ripperv2.html]
[holenet.info/downloads_files/hsh_levelrip.html]
[holenet.info/downloads_files/downloads_files/bm2_levelrip.html]
[holenet.info/downloads_files/downloads_files/busterrip.html]
[holenet.info/downloads_files/downloads_files/sparkrip.html]
[holenet.info/downloads_files/mcripper.html]
[holenet.info/downloads_files/cripper.html]
[holenet.info/assets/images/sol/h96/index.html]
[holenet.info/assets/fonts/vga_squarepx.html]
[holenet.info/assets/fonts/vga_squarepxd41d.html]
[holenet.info/assets/fonts/vga_squarepx-2.html]
[holenet.info/assets/fonts/vga_squarepx-3.html]
[holenet.info/assets/fonts/vga_squarepx-4.html]
[holenet.info/downloads_files/libripper-2.html]
[holenet.info/downloads_files/_.$savepath._/_.$fgtiles[$i][$j]._.html]
[holenet.info/downloads_files/out/BG/map16.html]
[holenet.info/downloads_files/out/FG/map16.html]
