[hifilabs.co/welcome.html]
[backblue.gif]
[fade.gif]
[index.html]
[hifilabs.co/welcome.html]
[hifilabs.co/images/HIFILABS/social-og.png]
[hifilabs.co/apple-touch-icon.png]
[hifilabs.co/favicon-32x32.png]
[hifilabs.co/index.html]
[hifilabs.co/index.html]
[hifilabs.co/safari-pinned-tab.svg]
[hifilabs.co/_next/static/css/75fb90901c2ee1f9.css]
[hifilabs.co/_next/static/chunks/webpack-fd418f31fe4b0d08.js]
[hifilabs.co/_next/static/chunks/polyfills-c67a75d1b6f99dc8.js]
[hifilabs.co/_next/static/chunks/main-c0364ec597719817.js]
[hifilabs.co/_next/static/chunks/837-c19bc76e77d41ef3.js]
[hifilabs.co/_next/static/chunks/framework-0ba0ddd33199226d.js]
[hifilabs.co/_next/static/chunks/pages/_app-ccef8dd21efcc9f9.js]
[hifilabs.co/_next/static/chunks/984-656420980a2b2a72.js]
[hifilabs.co/_next/static/chunks/803-7cd30887c5daaa8a.js]
[hifilabs.co/_next/static/chunks/739-32fc889ec63fd09b.js]
[hifilabs.co/_next/static/chunks/pages/[windowId]-b1c419fdaf934173.js]
[hifilabs.co/_next/static/_qbKLC8NwpL61siZyGWi2/_ssgManifest.js]
[hifilabs.co/_next/static/_qbKLC8NwpL61siZyGWi2/_buildManifest.js]
[hifilabs.co/_next/static/chunks/pages/index-453bea2c42b4bda8.js]
[hifilabs.co/favicon-16x16.png]
[hifilabs.co/safari-pinned-tab.svg]
[hifilabs.co/_next/static/css/75fb90901c2ee1f9.css]
[hifilabs.co/fonts/geneva-9-2.woff2]
[hifilabs.co/fonts/pixChicago.woff2]
