[www.virtualdesktop.org/osonly/os8os/index.html]
[backblue.gif]
[fade.gif]
[index.html]
[www.virtualdesktop.org/osonly/os8os/loading.png]
[www.virtualdesktop.org/osonly/os8os/finder.png]
[www.virtualdesktop.org/osonly/os8os/dticons.png]
[www.virtualdesktop.org/osonly/os8os/cstrip.png]
[www.virtualdesktop.org/osonly/os8os/cstripraidle.png]
[www.virtualdesktop.org/osonly/os8os/cstripraconn.png]
[www.virtualdesktop.org/osonly/os8os/cstripra.png]
[www.virtualdesktop.org/osonly/os8os/applemenu.png]
[www.virtualdesktop.org/osonly/os8os/file.png]
[www.virtualdesktop.org/osonly/os8os/edit.png]
[www.virtualdesktop.org/osonly/os8os/view.png]
[www.virtualdesktop.org/osonly/os8os/special.png]
[www.virtualdesktop.org/osonly/os8os/help.png]
[www.virtualdesktop.org/osonly/os8os/findermenu.png]
[www.virtualdesktop.org/osonly/os8os/aboutcomp.png]
[www.virtualdesktop.org/osonly/os8os/sysprofsp1.png]
[www.virtualdesktop.org/osonly/os8os/sysprofsp2.png]
[www.virtualdesktop.org/osonly/os8os/sysprofdv1.png]
[www.virtualdesktop.org/osonly/os8os/sysprofdv2.png]
[www.virtualdesktop.org/osonly/os8os/sysprofcp.png]
[www.virtualdesktop.org/osonly/os8os/sysprofext.png]
[www.virtualdesktop.org/osonly/os8os/sysprofapp.png]
[www.virtualdesktop.org/osonly/os8os/sysprofsf.png]
[www.virtualdesktop.org/osonly/os8os/sysproffinder.png]
[www.virtualdesktop.org/osonly/os8os/sysprofappmenu.png]
[www.virtualdesktop.org/osonly/os8os/sysproffile.png]
[www.virtualdesktop.org/osonly/os8os/sysprofedit.png]
[www.virtualdesktop.org/osonly/os8os/sysprofcomm.png]
[www.virtualdesktop.org/osonly/os8os/sysprofwin.png]
[www.virtualdesktop.org/osonly/os8os/sysprofhelp.png]
[www.virtualdesktop.org/osonly/os8os/sysprofabout.png]
[www.virtualdesktop.org/osonly/os8os/chooser.png]
[www.virtualdesktop.org/osonly/os8os/chooserfinder.png]
[www.virtualdesktop.org/osonly/os8os/chooserappmenu.png]
[www.virtualdesktop.org/osonly/os8os/chooserfile.png]
[www.virtualdesktop.org/osonly/os8os/chooseredit.png]
[www.virtualdesktop.org/osonly/os8os/chooserhelp.png]
[www.virtualdesktop.org/osonly/os8os/chooserabout.png]
[www.virtualdesktop.org/osonly/os8os/control.png]
[www.virtualdesktop.org/osonly/os8os/dialassist.png]
[www.virtualdesktop.org/osonly/os8os/dacountry.png]
[www.virtualdesktop.org/osonly/os8os/daprefix.png]
[www.virtualdesktop.org/osonly/os8os/dalongdist.png]
[www.virtualdesktop.org/osonly/os8os/dasuffix.png]
[www.virtualdesktop.org/osonly/os8os/extman1.png]
[www.virtualdesktop.org/osonly/os8os/extman2.png]
[www.virtualdesktop.org/osonly/os8os/extman3.png]
[www.virtualdesktop.org/osonly/os8os/extman4.png]
[www.virtualdesktop.org/osonly/os8os/extman5.png]
[www.virtualdesktop.org/osonly/os8os/extman6.png]
[www.virtualdesktop.org/osonly/os8os/extman7.png]
[www.virtualdesktop.org/osonly/os8os/extman8.png]
[www.virtualdesktop.org/osonly/os8os/extmanmacosall.png]
[www.virtualdesktop.org/osonly/os8os/extmanfinder.png]
[www.virtualdesktop.org/osonly/os8os/extmanappmenu.png]
[www.virtualdesktop.org/osonly/os8os/extmanfile.png]
[www.virtualdesktop.org/osonly/os8os/extmanedit.png]
[www.virtualdesktop.org/osonly/os8os/extmanview.png]
[www.virtualdesktop.org/osonly/os8os/extmanhelp.png]
[www.virtualdesktop.org/osonly/os8os/extmanabout.png]
[www.virtualdesktop.org/osonly/os8os/internetper.png]
[www.virtualdesktop.org/osonly/os8os/internetemail.png]
[www.virtualdesktop.org/osonly/os8os/internetweb.png]
[www.virtualdesktop.org/osonly/os8os/internetnews.png]
[www.virtualdesktop.org/osonly/os8os/internetfinder.png]
[www.virtualdesktop.org/osonly/os8os/internetappmenu.png]
[www.virtualdesktop.org/osonly/os8os/internetfile.png]
[www.virtualdesktop.org/osonly/os8os/internetedit.png]
[www.virtualdesktop.org/osonly/os8os/internetpref.png]
[www.virtualdesktop.org/osonly/os8os/internethelp.png]
[www.virtualdesktop.org/osonly/os8os/internetabout.png]
[www.virtualdesktop.org/osonly/os8os/mem.png]
[www.virtualdesktop.org/osonly/os8os/memfinder.png]
[www.virtualdesktop.org/osonly/os8os/memappmenu.png]
[www.virtualdesktop.org/osonly/os8os/memfile.png]
[www.virtualdesktop.org/osonly/os8os/memedit.png]
[www.virtualdesktop.org/osonly/os8os/memhelp.png]
[www.virtualdesktop.org/osonly/os8os/memabout.png]
[www.virtualdesktop.org/osonly/os8os/modem.png]
[www.virtualdesktop.org/osonly/os8os/modemlist1.png]
[www.virtualdesktop.org/osonly/os8os/modemlist2.png]
[www.virtualdesktop.org/osonly/os8os/modemfinder.png]
[www.virtualdesktop.org/osonly/os8os/modemappmenu.png]
[www.virtualdesktop.org/osonly/os8os/modemfile.png]
[www.virtualdesktop.org/osonly/os8os/modemedit.png]
[www.virtualdesktop.org/osonly/os8os/modemhelp.png]
[www.virtualdesktop.org/osonly/os8os/modemabout.png]
[www.virtualdesktop.org/osonly/os8os/remacc.png]
[www.virtualdesktop.org/osonly/os8os/remaccoptred.png]
[www.virtualdesktop.org/osonly/os8os/remaccoptconn.png]
[www.virtualdesktop.org/osonly/os8os/remaccoptprot.png]
[www.virtualdesktop.org/osonly/os8os/remaccfinder.png]
[www.virtualdesktop.org/osonly/os8os/remaccappmenu.png]
[www.virtualdesktop.org/osonly/os8os/remaccfile.png]
[www.virtualdesktop.org/osonly/os8os/remaccedit.png]
[www.virtualdesktop.org/osonly/os8os/remaccra.png]
[www.virtualdesktop.org/osonly/os8os/remacchelp.png]
[www.virtualdesktop.org/osonly/os8os/remaccabout.png]
[www.virtualdesktop.org/osonly/os8os/remaccconndial.png]
[www.virtualdesktop.org/osonly/os8os/remaccconncomm.png]
[www.virtualdesktop.org/osonly/os8os/remaccconndp.png]
[www.virtualdesktop.org/osonly/os8os/remaccconnsppp.png]
[www.virtualdesktop.org/osonly/os8os/remaccconnauth.png]
[www.virtualdesktop.org/osonly/os8os/remaccconnsnp.png]
[www.virtualdesktop.org/osonly/os8os/remaccconnstat.png]
[www.virtualdesktop.org/osonly/os8os/remaccconnpppterm.png]
[www.virtualdesktop.org/osonly/os8os/raicon.gif]
[www.virtualdesktop.org/osonly/os8os/startdisk.png]
[www.virtualdesktop.org/osonly/os8os/tcpip.png]
[www.virtualdesktop.org/osonly/os8os/tcpipfinder.png]
[www.virtualdesktop.org/osonly/os8os/tcpipappmenu.png]
[www.virtualdesktop.org/osonly/os8os/tcpipfile.png]
[www.virtualdesktop.org/osonly/os8os/tcpipedit.png]
[www.virtualdesktop.org/osonly/os8os/tcpiphelp.png]
[www.virtualdesktop.org/osonly/os8os/tcpipabout.png]
[www.virtualdesktop.org/osonly/os8os/modratcpconf.png]
[www.virtualdesktop.org/osonly/os8os/save.png]
[www.virtualdesktop.org/osonly/os8os/sherlock.png]
[www.virtualdesktop.org/osonly/os8os/sherlocksel1.png]
[www.virtualdesktop.org/osonly/os8os/sherlocksel2.png]
[www.virtualdesktop.org/osonly/os8os/sherlocksel3.png]
[www.virtualdesktop.org/osonly/os8os/sherlockfound.png]
[www.virtualdesktop.org/osonly/os8os/sherlockfinder.png]
[www.virtualdesktop.org/osonly/os8os/sherlockappmenu.png]
[www.virtualdesktop.org/osonly/os8os/sherlockfile.png]
[www.virtualdesktop.org/osonly/os8os/sherlockedit.png]
[www.virtualdesktop.org/osonly/os8os/sherlockfind.png]
[www.virtualdesktop.org/osonly/os8os/sherlockhelp.png]
[www.virtualdesktop.org/osonly/os8os/sherlockabout.png]
[www.virtualdesktop.org/osonly/os8os/harddisk.png]
[www.virtualdesktop.org/osonly/os8os/ie45folder.png]
[www.virtualdesktop.org/osonly/os8os/ie45subfolder.png]
[www.virtualdesktop.org/osonly/os8os/ie45iconctrlclick.png]
[www.virtualdesktop.org/osonly/os8os/ie45iconctrlclickgi.png]
[www.virtualdesktop.org/osonly/os8os/ie45exeinfo.png]
[www.virtualdesktop.org/osonly/os8os/msintrepairfolder.png]
[www.virtualdesktop.org/osonly/os8os/msintrepair.png]
[www.virtualdesktop.org/osonly/os8os/olx45folder.png]
[www.virtualdesktop.org/osonly/os8os/olx45subfolder.png]
[www.virtualdesktop.org/osonly/os8os/oeusersfolder.png]
[www.virtualdesktop.org/osonly/os8os/mainuserfolder.png]
[www.virtualdesktop.org/osonly/os8os/systemfolder1.png]
[www.virtualdesktop.org/osonly/os8os/systemfolder2.png]
[www.virtualdesktop.org/osonly/os8os/prefsfolder1.png]
[www.virtualdesktop.org/osonly/os8os/prefsfolder2.png]
[www.virtualdesktop.org/osonly/os8os/prefsfolder3.png]
[www.virtualdesktop.org/osonly/os8os/remaccfolder.png]
[www.virtualdesktop.org/osonly/os8os/clock.js]
[www.virtualdesktop.org/osonly/os8os/index.html]
